******************************************************************************
                  TI ARM Linker PC v18.1.1                     
******************************************************************************
>> Linked Mon Apr 22 00:05:52 2019

OUTPUT FILE NAME:   <MPU9250_driverlib.out>
ENTRY POINT SYMBOL: "_c_int00_noargs"  address: 00000889


MEMORY CONFIGURATION

         name            origin    length      used     unused   attr    fill
----------------------  --------  ---------  --------  --------  ----  --------
  MAIN                  00000000   00040000  00000a82  0003f57e  R  X
  INFO                  00200000   00004000  00000000  00004000  R  X
  SRAM_CODE             01000000   00010000  00000211  0000fdef  RW X
  SRAM_DATA             20000000   00010000  00000211  0000fdef  RW  


SEGMENT ALLOCATION MAP

run origin  load origin   length   init length attrs members
----------  ----------- ---------- ----------- ----- -------
00000000    00000000    00000a88   00000a88    r-x
  00000000    00000000    000000e4   000000e4    r-- .intvecs
  000000e4    000000e4    0000092a   0000092a    r-x .text
  00000a10    00000a10    00000044   00000044    r-- .const
  00000a58    00000a58    00000030   00000030    r-- .cinit
20000000    20000000    00000011   00000000    rw-
  20000000    20000000    00000010   00000000    rw- .bss
  20000010    20000010    00000001   00000000    rw- .data
2000fe00    2000fe00    00000200   00000000    rw-
  2000fe00    2000fe00    00000200   00000000    rw- .stack


SECTION ALLOCATION MAP

 output                                  attributes/
section   page    origin      length       input sections
--------  ----  ----------  ----------   ----------------
.intvecs   0    00000000    000000e4     
                  00000000    000000e4     startup_msp432p401r_ccs.obj (.intvecs:retain)

.text      0    000000e4    0000092a     
                  000000e4    00000120     MPU9250.obj (.text:readI2C)
                  00000204    000000d0     MPU9250.obj (.text:writeI2C)
                  000002d4    000000b4     MPU9250.obj (.text:getMotion6)
                  00000388    000000a4     main.obj (.text:PORT1_IRQHandler)
                  0000042c    0000009c     rtsv7M4_T_le_v4SPD16_eabi.lib : memcpy_t2.asm.obj (.text)
                  000004c8    0000009c     MPU9250.obj (.text:writeBits)
                  00000564    00000090     main.obj (.text:main)
                  000005f4    00000078     system_msp432p401r.obj (.text:SystemInit)
                  0000066c    00000068     rtsv7M4_T_le_v4SPD16_eabi.lib : copy_decompress_lzss.c.obj (.text:decompress:lzss:__TI_decompress_lzss)
                  000006d4    00000060     MPU9250.obj (.text:writeBit)
                  00000734    0000004c     msp432p4xx_driverlib.lib : gpio_MSP432P4XX.obj (.text:GPIO_setAsPeripheralModuleFunctionOutputPin)
                  00000780    00000044     main.obj (.text:EUSCIA0_IRQHandler)
                  000007c4    00000044     rtsv7M4_T_le_v4SPD16_eabi.lib : autoinit.c.obj (.text:__TI_auto_init_nobinit_nopinit:__TI_auto_init_nobinit_nopinit)
                  00000808    00000040     msp432p4xx_driverlib.lib : i2c_MSP432P4XX.obj (.text:I2C_masterSendMultiByteStart)
                  00000848    00000040     MPU9250.obj (.text:initI2C)
                  00000888    00000038     rtsv7M4_T_le_v4SPD16_eabi.lib : boot_cortex_m.c.obj (.text:_c_int00_noargs:_c_int00_noargs)
                  000008c0    00000030     main.obj (.text:EUSCIA2_IRQHandler)
                  000008f0    00000028     main.obj (.text:SysTick_Handler)
                  00000918    00000026     MPU9250.obj (.text:MPU9250_getMotion9)
                  0000093e    00000002     startup_msp432p401r_ccs.obj (.text:Default_Handler)
                  00000940    00000024     msp432p4xx_driverlib.lib : gpio_MSP432P4XX.obj (.text:GPIO_setAsOutputPin)
                  00000964    00000020     MPU9250.obj (.text:MPU9250_initialize)
                  00000984    00000016     MPU9250.obj (.text:MPU9250_setClockSource)
                  0000099a    00000016     MPU9250.obj (.text:setFullScaleAccelRange)
                  000009b0    00000016     MPU9250.obj (.text:setFullScaleGyroRange)
                  000009c6    00000014     MPU9250.obj (.text:setSleepEnabled)
                  000009da    00000012     rtsv7M4_T_le_v4SPD16_eabi.lib : copy_zero_init.c.obj (.text:decompress:ZI:__TI_zero_init_nomemset:__TI_zero_init_nomemset)
                  000009ec    0000000e                                   : copy_decompress_none.c.obj (.text:decompress:none:__TI_decompress_none)
                  000009fa    0000000c     startup_msp432p401r_ccs.obj (.text:Reset_Handler)
                  00000a06    00000004     rtsv7M4_T_le_v4SPD16_eabi.lib : pre_init.c.obj (.text:_system_pre_init)
                  00000a0a    00000004                                   : exit.c.obj (.text:abort:abort)

.const     0    00000a10    00000044     
                  00000a10    00000030     msp432p4xx_driverlib.lib : gpio_MSP432P4XX.obj (.const:GPIO_PORT_TO_BASE)
                  00000a40    00000014     MPU9250.obj (.const:i2cConfig)

.cinit     0    00000a58    00000030     
                  00000a58    0000000c     (__TI_handler_table)
                  00000a64    00000004     --HOLE-- [fill = 0]
                  00000a68    00000008     (.cinit..bss.load) [load image, compression = zero_init]
                  00000a70    00000005     (.cinit..data.load) [load image, compression = lzss]
                  00000a75    00000003     --HOLE-- [fill = 0]
                  00000a78    00000010     (__TI_cinit_table)

.init_array 
*          0    00000000    00000000     UNINITIALIZED

.binit     0    00000000    00000000     

.bss       0    20000000    00000010     UNINITIALIZED
                  20000000    00000010     (.common:buffer)

.data      0    20000010    00000001     UNINITIALIZED
                  20000010    00000001     MPU9250.obj (.data)

.stack     0    2000fe00    00000200     UNINITIALIZED
                  2000fe00    00000004     rtsv7M4_T_le_v4SPD16_eabi.lib : boot_cortex_m.c.obj (.stack)
                  2000fe04    000001fc     --HOLE--

MODULE SUMMARY

       Module                        code   ro data   rw data
       ------                        ----   -------   -------
    .\
       MPU9250.obj                   1148   20        34     
       main.obj                      464    0         0      
       system_msp432p401r.obj        120    0         0      
    +--+-----------------------------+------+---------+---------+
       Total:                        1732   20        34     
                                                             
    .\ccs\
       startup_msp432p401r_ccs.obj   14     228       0      
    +--+-----------------------------+------+---------+---------+
       Total:                        14     228       0      
                                                             
    C:/ti/devices/msp432p4xx/source/ti/devices/msp432p4xx/driverlib/ccs/msp432p4xx_driverlib.lib
       gpio_MSP432P4XX.obj           112    48        0      
       i2c_MSP432P4XX.obj            64     0         0      
    +--+-----------------------------+------+---------+---------+
       Total:                        176    48        0      
                                                             
    C:\ti\ccsv8\tools\compiler\ti-cgt-arm_18.1.1.LTS\lib\rtsv7M4_T_le_v4SPD16_eabi.lib
       memcpy_t2.asm.obj             156    0         0      
       copy_decompress_lzss.c.obj    104    0         0      
       autoinit.c.obj                68     0         0      
       boot_cortex_m.c.obj           56     0         0      
       copy_zero_init.c.obj          18     0         0      
       copy_decompress_none.c.obj    14     0         0      
       exit.c.obj                    4      0         0      
       pre_init.c.obj                4      0         0      
    +--+-----------------------------+------+---------+---------+
       Total:                        424    0         0      
                                                             
       Stack:                        0      0         1024   
       Linker Generated:             0      41        0      
    +--+-----------------------------+------+---------+---------+
       Grand Total:                  2346   337       1058   


LINKER GENERATED COPY TABLES

__TI_cinit_table @ 00000a78 records: 2, size/record: 8, table size: 16
	.bss: load addr=00000a68, load size=00000008 bytes, run addr=20000000, run size=00000010 bytes, compression=zero_init
	.data: load addr=00000a70, load size=00000005 bytes, run addr=20000010, run size=00000001 bytes, compression=lzss


LINKER GENERATED HANDLER TABLE

__TI_handler_table @ 00000a58 records: 3, size/record: 4, table size: 12
	index: 0, handler: __TI_decompress_lzss
	index: 1, handler: __TI_decompress_none
	index: 2, handler: __TI_zero_init


GLOBAL SYMBOLS: SORTED ALPHABETICALLY BY Name 

address   name                                       
-------   ----                                       
0000093f  ADC14_IRQHandler                           
0000093f  AES256_IRQHandler                          
0000093f  BusFault_Handler                           
00000a0b  C$$EXIT                                    
0000093f  COMP_E0_IRQHandler                         
0000093f  COMP_E1_IRQHandler                         
0000093f  CS_IRQHandler                              
0000093f  DMA_ERR_IRQHandler                         
0000093f  DMA_INT0_IRQHandler                        
0000093f  DMA_INT1_IRQHandler                        
0000093f  DMA_INT2_IRQHandler                        
0000093f  DMA_INT3_IRQHandler                        
0000093f  DebugMon_Handler                           
0000093f  Default_Handler                            
00000781  EUSCIA0_IRQHandler                         
00000781  EUSCIA0_IRQHandler                         
0000093f  EUSCIA1_IRQHandler                         
000008c1  EUSCIA2_IRQHandler                         
000008c1  EUSCIA2_IRQHandler                         
0000093f  EUSCIA3_IRQHandler                         
0000093f  EUSCIB0_IRQHandler                         
0000093f  EUSCIB1_IRQHandler                         
0000093f  EUSCIB2_IRQHandler                         
0000093f  EUSCIB3_IRQHandler                         
0000093f  FLCTL_IRQHandler                           
0000093f  FPU_IRQHandler                             
00000941  GPIO_setAsOutputPin                        
00000735  GPIO_setAsPeripheralModuleFunctionOutputPin
0000093f  HardFault_Handler                          
00000809  I2C_masterSendMultiByteStart               
20000010  MPU9250_devAddr                            
00000919  MPU9250_getMotion9                         
00000965  MPU9250_initialize                         
00000985  MPU9250_setClockSource                     
0000093f  MemManage_Handler                          
0000093f  NMI_Handler                                
0000093f  PCM_IRQHandler                             
00000389  PORT1_IRQHandler                           
00000389  PORT1_IRQHandler                           
0000093f  PORT2_IRQHandler                           
0000093f  PORT3_IRQHandler                           
0000093f  PORT4_IRQHandler                           
0000093f  PORT5_IRQHandler                           
0000093f  PORT6_IRQHandler                           
0000093f  PSS_IRQHandler                             
0000093f  PendSV_Handler                             
0000093f  RTC_C_IRQHandler                           
000009fb  Reset_Handler                              
0000093f  SVC_Handler                                
000008f1  SysTick_Handler                            
000008f1  SysTick_Handler                            
000005f5  SystemInit                                 
0000093f  T32_INT1_IRQHandler                        
0000093f  T32_INT2_IRQHandler                        
0000093f  T32_INTC_IRQHandler                        
0000093f  TA0_0_IRQHandler                           
0000093f  TA0_N_IRQHandler                           
0000093f  TA1_0_IRQHandler                           
0000093f  TA1_N_IRQHandler                           
0000093f  TA2_0_IRQHandler                           
0000093f  TA2_N_IRQHandler                           
0000093f  TA3_0_IRQHandler                           
0000093f  TA3_N_IRQHandler                           
0000093f  UsageFault_Handler                         
4000480c  WDTCTL_SYM                                 
0000093f  WDT_A_IRQHandler                           
20010000  __STACK_END                                
00000200  __STACK_SIZE                               
00000a78  __TI_CINIT_Base                            
00000a88  __TI_CINIT_Limit                           
00000a58  __TI_Handler_Table_Base                    
00000a64  __TI_Handler_Table_Limit                   
000007c5  __TI_auto_init_nobinit_nopinit             
0000066d  __TI_decompress_lzss                       
000009ed  __TI_decompress_none                       
ffffffff  __TI_pprof_out_hndl                        
ffffffff  __TI_prof_data_size                        
ffffffff  __TI_prof_data_start                       
00000000  __TI_static_base__                         
000009db  __TI_zero_init_nomemset                    
0000042d  __aeabi_memcpy                             
0000042d  __aeabi_memcpy4                            
0000042d  __aeabi_memcpy8                            
ffffffff  __binit__                                  
ffffffff  __c_args__                                 
UNDEFED   __mpu_init                                 
2000fe00  __stack                                    
00000889  _c_int00_noargs                            
UNDEFED   _system_post_cinit                         
00000a07  _system_pre_init                           
00000a0b  abort                                      
ffffffff  binit                                      
20000000  buffer                                     
000002d5  getMotion6                                 
00000a40  i2cConfig                                  
00000849  initI2C                                    
00000000  interruptVectors                           
00000565  main                                       
0000042d  memcpy                                     
000000e5  readI2C                                    
0000099b  setFullScaleAccelRange                     
000009b1  setFullScaleGyroRange                      
000009c7  setSleepEnabled                            
000006d5  writeBit                                   
000004c9  writeBits                                  
00000205  writeI2C                                   


GLOBAL SYMBOLS: SORTED BY Symbol Address 

address   name                                       
-------   ----                                       
00000000  __TI_static_base__                         
00000000  interruptVectors                           
000000e5  readI2C                                    
00000200  __STACK_SIZE                               
00000205  writeI2C                                   
000002d5  getMotion6                                 
00000389  PORT1_IRQHandler                           
00000389  PORT1_IRQHandler                           
0000042d  __aeabi_memcpy                             
0000042d  __aeabi_memcpy4                            
0000042d  __aeabi_memcpy8                            
0000042d  memcpy                                     
000004c9  writeBits                                  
00000565  main                                       
000005f5  SystemInit                                 
0000066d  __TI_decompress_lzss                       
000006d5  writeBit                                   
00000735  GPIO_setAsPeripheralModuleFunctionOutputPin
00000781  EUSCIA0_IRQHandler                         
00000781  EUSCIA0_IRQHandler                         
000007c5  __TI_auto_init_nobinit_nopinit             
00000809  I2C_masterSendMultiByteStart               
00000849  initI2C                                    
00000889  _c_int00_noargs                            
000008c1  EUSCIA2_IRQHandler                         
000008c1  EUSCIA2_IRQHandler                         
000008f1  SysTick_Handler                            
000008f1  SysTick_Handler                            
00000919  MPU9250_getMotion9                         
0000093f  ADC14_IRQHandler                           
0000093f  AES256_IRQHandler                          
0000093f  BusFault_Handler                           
0000093f  COMP_E0_IRQHandler                         
0000093f  COMP_E1_IRQHandler                         
0000093f  CS_IRQHandler                              
0000093f  DMA_ERR_IRQHandler                         
0000093f  DMA_INT0_IRQHandler                        
0000093f  DMA_INT1_IRQHandler                        
0000093f  DMA_INT2_IRQHandler                        
0000093f  DMA_INT3_IRQHandler                        
0000093f  DebugMon_Handler                           
0000093f  Default_Handler                            
0000093f  EUSCIA1_IRQHandler                         
0000093f  EUSCIA3_IRQHandler                         
0000093f  EUSCIB0_IRQHandler                         
0000093f  EUSCIB1_IRQHandler                         
0000093f  EUSCIB2_IRQHandler                         
0000093f  EUSCIB3_IRQHandler                         
0000093f  FLCTL_IRQHandler                           
0000093f  FPU_IRQHandler                             
0000093f  HardFault_Handler                          
0000093f  MemManage_Handler                          
0000093f  NMI_Handler                                
0000093f  PCM_IRQHandler                             
0000093f  PORT2_IRQHandler                           
0000093f  PORT3_IRQHandler                           
0000093f  PORT4_IRQHandler                           
0000093f  PORT5_IRQHandler                           
0000093f  PORT6_IRQHandler                           
0000093f  PSS_IRQHandler                             
0000093f  PendSV_Handler                             
0000093f  RTC_C_IRQHandler                           
0000093f  SVC_Handler                                
0000093f  T32_INT1_IRQHandler                        
0000093f  T32_INT2_IRQHandler                        
0000093f  T32_INTC_IRQHandler                        
0000093f  TA0_0_IRQHandler                           
0000093f  TA0_N_IRQHandler                           
0000093f  TA1_0_IRQHandler                           
0000093f  TA1_N_IRQHandler                           
0000093f  TA2_0_IRQHandler                           
0000093f  TA2_N_IRQHandler                           
0000093f  TA3_0_IRQHandler                           
0000093f  TA3_N_IRQHandler                           
0000093f  UsageFault_Handler                         
0000093f  WDT_A_IRQHandler                           
00000941  GPIO_setAsOutputPin                        
00000965  MPU9250_initialize                         
00000985  MPU9250_setClockSource                     
0000099b  setFullScaleAccelRange                     
000009b1  setFullScaleGyroRange                      
000009c7  setSleepEnabled                            
000009db  __TI_zero_init_nomemset                    
000009ed  __TI_decompress_none                       
000009fb  Reset_Handler                              
00000a07  _system_pre_init                           
00000a0b  C$$EXIT                                    
00000a0b  abort                                      
00000a40  i2cConfig                                  
00000a58  __TI_Handler_Table_Base                    
00000a64  __TI_Handler_Table_Limit                   
00000a78  __TI_CINIT_Base                            
00000a88  __TI_CINIT_Limit                           
20000000  buffer                                     
20000010  MPU9250_devAddr                            
2000fe00  __stack                                    
20010000  __STACK_END                                
4000480c  WDTCTL_SYM                                 
ffffffff  __TI_pprof_out_hndl                        
ffffffff  __TI_prof_data_size                        
ffffffff  __TI_prof_data_start                       
ffffffff  __binit__                                  
ffffffff  __c_args__                                 
ffffffff  binit                                      
UNDEFED   __mpu_init                                 
UNDEFED   _system_post_cinit                         

[106 symbols]
